------------------------------------------------------------
TimeQuest Timing Analyzer Summary
------------------------------------------------------------

Type  : Slow 1200mV 85C Model Setup 'clk_500khz'
Slack : -4.190
TNS   : -40.377

Type  : Slow 1200mV 85C Model Setup 'col_reg[0]'
Slack : -1.845
TNS   : -3.726

Type  : Slow 1200mV 85C Model Setup 'clk'
Slack : -1.530
TNS   : -10.694

Type  : Slow 1200mV 85C Model Hold 'col_reg[0]'
Slack : -1.320
TNS   : -4.966

Type  : Slow 1200mV 85C Model Hold 'clk'
Slack : 0.037
TNS   : 0.000

Type  : Slow 1200mV 85C Model Hold 'clk_500khz'
Slack : 0.455
TNS   : 0.000

Type  : Slow 1200mV 85C Model Minimum Pulse Width 'clk'
Slack : -3.000
TNS   : -13.409

Type  : Slow 1200mV 85C Model Minimum Pulse Width 'clk_500khz'
Slack : -1.487
TNS   : -28.253

Type  : Slow 1200mV 85C Model Minimum Pulse Width 'col_reg[0]'
Slack : 0.349
TNS   : 0.000

Type  : Slow 1200mV 0C Model Setup 'clk_500khz'
Slack : -3.866
TNS   : -36.244

Type  : Slow 1200mV 0C Model Setup 'col_reg[0]'
Slack : -1.984
TNS   : -4.444

Type  : Slow 1200mV 0C Model Setup 'clk'
Slack : -1.328
TNS   : -9.258

Type  : Slow 1200mV 0C Model Hold 'col_reg[0]'
Slack : -1.177
TNS   : -4.406

Type  : Slow 1200mV 0C Model Hold 'clk'
Slack : 0.128
TNS   : 0.000

Type  : Slow 1200mV 0C Model Hold 'clk_500khz'
Slack : 0.403
TNS   : 0.000

Type  : Slow 1200mV 0C Model Minimum Pulse Width 'clk'
Slack : -3.000
TNS   : -13.409

Type  : Slow 1200mV 0C Model Minimum Pulse Width 'clk_500khz'
Slack : -1.487
TNS   : -28.264

Type  : Slow 1200mV 0C Model Minimum Pulse Width 'col_reg[0]'
Slack : 0.119
TNS   : 0.000

Type  : Fast 1200mV 0C Model Setup 'clk_500khz'
Slack : -1.243
TNS   : -9.225

Type  : Fast 1200mV 0C Model Setup 'col_reg[0]'
Slack : -0.270
TNS   : -0.270

Type  : Fast 1200mV 0C Model Setup 'clk'
Slack : -0.086
TNS   : -0.416

Type  : Fast 1200mV 0C Model Hold 'col_reg[0]'
Slack : -0.722
TNS   : -2.458

Type  : Fast 1200mV 0C Model Hold 'clk'
Slack : -0.118
TNS   : -0.118

Type  : Fast 1200mV 0C Model Hold 'clk_500khz'
Slack : 0.186
TNS   : 0.000

Type  : Fast 1200mV 0C Model Minimum Pulse Width 'clk'
Slack : -3.000
TNS   : -12.158

Type  : Fast 1200mV 0C Model Minimum Pulse Width 'clk_500khz'
Slack : -1.000
TNS   : -19.000

Type  : Fast 1200mV 0C Model Minimum Pulse Width 'col_reg[0]'
Slack : 0.279
TNS   : 0.000

------------------------------------------------------------
