------------------------------------------------------------
TimeQuest Timing Analyzer Summary
------------------------------------------------------------

Type  : Slow 1200mV 85C Model Setup 'clk_500khz'
Slack : -3.527
TNS   : -37.970

Type  : Slow 1200mV 85C Model Setup 'clk'
Slack : -1.544
TNS   : -10.622

Type  : Slow 1200mV 85C Model Setup 'col_reg[0]'
Slack : -1.511
TNS   : -3.398

Type  : Slow 1200mV 85C Model Hold 'col_reg[0]'
Slack : -0.975
TNS   : -3.006

Type  : Slow 1200mV 85C Model Hold 'clk'
Slack : 0.076
TNS   : 0.000

Type  : Slow 1200mV 85C Model Hold 'clk_500khz'
Slack : 0.455
TNS   : 0.000

Type  : Slow 1200mV 85C Model Minimum Pulse Width 'clk'
Slack : -3.000
TNS   : -13.409

Type  : Slow 1200mV 85C Model Minimum Pulse Width 'clk_500khz'
Slack : -1.487
TNS   : -28.253

Type  : Slow 1200mV 85C Model Minimum Pulse Width 'col_reg[0]'
Slack : 0.170
TNS   : 0.000

Type  : Slow 1200mV 0C Model Setup 'clk_500khz'
Slack : -3.180
TNS   : -33.921

Type  : Slow 1200mV 0C Model Setup 'col_reg[0]'
Slack : -1.715
TNS   : -4.055

Type  : Slow 1200mV 0C Model Setup 'clk'
Slack : -1.336
TNS   : -9.203

Type  : Slow 1200mV 0C Model Hold 'col_reg[0]'
Slack : -0.836
TNS   : -2.566

Type  : Slow 1200mV 0C Model Hold 'clk'
Slack : 0.155
TNS   : 0.000

Type  : Slow 1200mV 0C Model Hold 'clk_500khz'
Slack : 0.404
TNS   : 0.000

Type  : Slow 1200mV 0C Model Minimum Pulse Width 'clk'
Slack : -3.000
TNS   : -13.409

Type  : Slow 1200mV 0C Model Minimum Pulse Width 'clk_500khz'
Slack : -1.487
TNS   : -28.280

Type  : Slow 1200mV 0C Model Minimum Pulse Width 'col_reg[0]'
Slack : 0.017
TNS   : 0.000

Type  : Fast 1200mV 0C Model Setup 'clk_500khz'
Slack : -1.013
TNS   : -8.211

Type  : Fast 1200mV 0C Model Setup 'col_reg[0]'
Slack : -0.126
TNS   : -0.126

Type  : Fast 1200mV 0C Model Setup 'clk'
Slack : -0.057
TNS   : -0.342

Type  : Fast 1200mV 0C Model Hold 'col_reg[0]'
Slack : -0.511
TNS   : -1.472

Type  : Fast 1200mV 0C Model Hold 'clk'
Slack : -0.089
TNS   : -0.089

Type  : Fast 1200mV 0C Model Hold 'clk_500khz'
Slack : 0.187
TNS   : 0.000

Type  : Fast 1200mV 0C Model Minimum Pulse Width 'clk'
Slack : -3.000
TNS   : -12.144

Type  : Fast 1200mV 0C Model Minimum Pulse Width 'clk_500khz'
Slack : -1.000
TNS   : -19.000

Type  : Fast 1200mV 0C Model Minimum Pulse Width 'col_reg[0]'
Slack : 0.355
TNS   : 0.000

------------------------------------------------------------
