------------------------------------------------------------
TimeQuest Timing Analyzer Summary
------------------------------------------------------------

Type  : Slow 1200mV 85C Model Setup 'GCLKP1'
Slack : -2.212
TNS   : -11.281

Type  : Slow 1200mV 85C Model Setup 'Frequency:inst|Period1uS'
Slack : -2.055
TNS   : -23.879

Type  : Slow 1200mV 85C Model Setup 'key44:inst1|Mega_cnt[4]'
Slack : -1.781
TNS   : -14.248

Type  : Slow 1200mV 85C Model Setup 'key44:inst1|clk4'
Slack : -1.356
TNS   : -8.392

Type  : Slow 1200mV 85C Model Setup 'Frequency:inst|\CLK:Count1[8]'
Slack : -0.311
TNS   : -0.325

Type  : Slow 1200mV 85C Model Setup 'key44:inst1|clk2'
Slack : 0.130
TNS   : 0.000

Type  : Slow 1200mV 85C Model Hold 'Frequency:inst|Period1uS'
Slack : -0.562
TNS   : -1.095

Type  : Slow 1200mV 85C Model Hold 'key44:inst1|Mega_cnt[4]'
Slack : -0.467
TNS   : -0.467

Type  : Slow 1200mV 85C Model Hold 'key44:inst1|clk2'
Slack : -0.026
TNS   : -0.026

Type  : Slow 1200mV 85C Model Hold 'Frequency:inst|\CLK:Count1[8]'
Slack : 0.455
TNS   : 0.000

Type  : Slow 1200mV 85C Model Hold 'key44:inst1|clk4'
Slack : 0.455
TNS   : 0.000

Type  : Slow 1200mV 85C Model Hold 'GCLKP1'
Slack : 0.467
TNS   : 0.000

Type  : Slow 1200mV 85C Model Minimum Pulse Width 'GCLKP1'
Slack : -3.000
TNS   : -13.409

Type  : Slow 1200mV 85C Model Minimum Pulse Width 'Frequency:inst|Period1uS'
Slack : -1.487
TNS   : -22.305

Type  : Slow 1200mV 85C Model Minimum Pulse Width 'key44:inst1|clk4'
Slack : -1.487
TNS   : -14.870

Type  : Slow 1200mV 85C Model Minimum Pulse Width 'key44:inst1|Mega_cnt[4]'
Slack : -1.487
TNS   : -13.383

Type  : Slow 1200mV 85C Model Minimum Pulse Width 'Frequency:inst|\CLK:Count1[8]'
Slack : -1.487
TNS   : -4.461

Type  : Slow 1200mV 85C Model Minimum Pulse Width 'key44:inst1|clk2'
Slack : -1.487
TNS   : -1.487

Type  : Slow 1200mV 0C Model Setup 'GCLKP1'
Slack : -1.945
TNS   : -9.936

Type  : Slow 1200mV 0C Model Setup 'Frequency:inst|Period1uS'
Slack : -1.867
TNS   : -21.303

Type  : Slow 1200mV 0C Model Setup 'key44:inst1|Mega_cnt[4]'
Slack : -1.632
TNS   : -13.056

Type  : Slow 1200mV 0C Model Setup 'key44:inst1|clk4'
Slack : -1.156
TNS   : -7.087

Type  : Slow 1200mV 0C Model Setup 'Frequency:inst|\CLK:Count1[8]'
Slack : -0.181
TNS   : -0.181

Type  : Slow 1200mV 0C Model Setup 'key44:inst1|clk2'
Slack : 0.163
TNS   : 0.000

Type  : Slow 1200mV 0C Model Hold 'Frequency:inst|Period1uS'
Slack : -0.417
TNS   : -0.719

Type  : Slow 1200mV 0C Model Hold 'key44:inst1|Mega_cnt[4]'
Slack : -0.381
TNS   : -0.381

Type  : Slow 1200mV 0C Model Hold 'key44:inst1|clk2'
Slack : -0.036
TNS   : -0.036

Type  : Slow 1200mV 0C Model Hold 'Frequency:inst|\CLK:Count1[8]'
Slack : 0.404
TNS   : 0.000

Type  : Slow 1200mV 0C Model Hold 'key44:inst1|clk4'
Slack : 0.404
TNS   : 0.000

Type  : Slow 1200mV 0C Model Hold 'GCLKP1'
Slack : 0.418
TNS   : 0.000

Type  : Slow 1200mV 0C Model Minimum Pulse Width 'GCLKP1'
Slack : -3.000
TNS   : -13.409

Type  : Slow 1200mV 0C Model Minimum Pulse Width 'Frequency:inst|Period1uS'
Slack : -1.487
TNS   : -22.305

Type  : Slow 1200mV 0C Model Minimum Pulse Width 'key44:inst1|clk4'
Slack : -1.487
TNS   : -14.870

Type  : Slow 1200mV 0C Model Minimum Pulse Width 'key44:inst1|Mega_cnt[4]'
Slack : -1.487
TNS   : -13.383

Type  : Slow 1200mV 0C Model Minimum Pulse Width 'Frequency:inst|\CLK:Count1[8]'
Slack : -1.487
TNS   : -4.461

Type  : Slow 1200mV 0C Model Minimum Pulse Width 'key44:inst1|clk2'
Slack : -1.487
TNS   : -1.487

Type  : Fast 1200mV 0C Model Setup 'key44:inst1|Mega_cnt[4]'
Slack : -0.429
TNS   : -3.432

Type  : Fast 1200mV 0C Model Setup 'GCLKP1'
Slack : -0.383
TNS   : -0.957

Type  : Fast 1200mV 0C Model Setup 'Frequency:inst|Period1uS'
Slack : -0.302
TNS   : -3.020

Type  : Fast 1200mV 0C Model Setup 'key44:inst1|clk4'
Slack : -0.007
TNS   : -0.014

Type  : Fast 1200mV 0C Model Setup 'key44:inst1|clk2'
Slack : 0.367
TNS   : 0.000

Type  : Fast 1200mV 0C Model Setup 'Frequency:inst|\CLK:Count1[8]'
Slack : 0.426
TNS   : 0.000

Type  : Fast 1200mV 0C Model Hold 'Frequency:inst|Period1uS'
Slack : -0.374
TNS   : -1.275

Type  : Fast 1200mV 0C Model Hold 'key44:inst1|Mega_cnt[4]'
Slack : -0.304
TNS   : -0.304

Type  : Fast 1200mV 0C Model Hold 'key44:inst1|clk2'
Slack : -0.026
TNS   : -0.026

Type  : Fast 1200mV 0C Model Hold 'Frequency:inst|\CLK:Count1[8]'
Slack : 0.188
TNS   : 0.000

Type  : Fast 1200mV 0C Model Hold 'key44:inst1|clk4'
Slack : 0.188
TNS   : 0.000

Type  : Fast 1200mV 0C Model Hold 'GCLKP1'
Slack : 0.195
TNS   : 0.000

Type  : Fast 1200mV 0C Model Minimum Pulse Width 'GCLKP1'
Slack : -3.000
TNS   : -12.209

Type  : Fast 1200mV 0C Model Minimum Pulse Width 'Frequency:inst|Period1uS'
Slack : -1.000
TNS   : -15.000

Type  : Fast 1200mV 0C Model Minimum Pulse Width 'key44:inst1|clk4'
Slack : -1.000
TNS   : -10.000

Type  : Fast 1200mV 0C Model Minimum Pulse Width 'key44:inst1|Mega_cnt[4]'
Slack : -1.000
TNS   : -9.000

Type  : Fast 1200mV 0C Model Minimum Pulse Width 'Frequency:inst|\CLK:Count1[8]'
Slack : -1.000
TNS   : -3.000

Type  : Fast 1200mV 0C Model Minimum Pulse Width 'key44:inst1|clk2'
Slack : -1.000
TNS   : -1.000

------------------------------------------------------------
