------------------------------------------------------------
TimeQuest Timing Analyzer Summary
------------------------------------------------------------

Type  : Slow 1200mV 85C Model Setup 'clk'
Slack : -4.513
TNS   : -108.663

Type  : Slow 1200mV 85C Model Setup 'CLK2'
Slack : -1.817
TNS   : -15.561

Type  : Slow 1200mV 85C Model Setup 'clk1'
Slack : 0.121
TNS   : 0.000

Type  : Slow 1200mV 85C Model Hold 'clk1'
Slack : -0.015
TNS   : -0.015

Type  : Slow 1200mV 85C Model Hold 'clk'
Slack : 0.020
TNS   : 0.000

Type  : Slow 1200mV 85C Model Hold 'CLK2'
Slack : 0.455
TNS   : 0.000

Type  : Slow 1200mV 85C Model Minimum Pulse Width 'clk'
Slack : -3.000
TNS   : -40.175

Type  : Slow 1200mV 85C Model Minimum Pulse Width 'CLK2'
Slack : -1.487
TNS   : -13.383

Type  : Slow 1200mV 85C Model Minimum Pulse Width 'clk1'
Slack : -1.487
TNS   : -1.487

Type  : Slow 1200mV 0C Model Setup 'clk'
Slack : -4.215
TNS   : -101.212

Type  : Slow 1200mV 0C Model Setup 'CLK2'
Slack : -1.551
TNS   : -13.342

Type  : Slow 1200mV 0C Model Setup 'clk1'
Slack : 0.154
TNS   : 0.000

Type  : Slow 1200mV 0C Model Hold 'clk1'
Slack : -0.026
TNS   : -0.026

Type  : Slow 1200mV 0C Model Hold 'clk'
Slack : 0.096
TNS   : 0.000

Type  : Slow 1200mV 0C Model Hold 'CLK2'
Slack : 0.404
TNS   : 0.000

Type  : Slow 1200mV 0C Model Minimum Pulse Width 'clk'
Slack : -3.000
TNS   : -40.175

Type  : Slow 1200mV 0C Model Minimum Pulse Width 'CLK2'
Slack : -1.487
TNS   : -13.383

Type  : Slow 1200mV 0C Model Minimum Pulse Width 'clk1'
Slack : -1.487
TNS   : -1.487

Type  : Fast 1200mV 0C Model Setup 'clk'
Slack : -1.272
TNS   : -30.178

Type  : Fast 1200mV 0C Model Setup 'CLK2'
Slack : -0.197
TNS   : -1.571

Type  : Fast 1200mV 0C Model Setup 'clk1'
Slack : 0.361
TNS   : 0.000

Type  : Fast 1200mV 0C Model Hold 'clk'
Slack : -0.103
TNS   : -0.103

Type  : Fast 1200mV 0C Model Hold 'clk1'
Slack : -0.019
TNS   : -0.019

Type  : Fast 1200mV 0C Model Hold 'CLK2'
Slack : 0.187
TNS   : 0.000

Type  : Fast 1200mV 0C Model Minimum Pulse Width 'clk'
Slack : -3.000
TNS   : -35.323

Type  : Fast 1200mV 0C Model Minimum Pulse Width 'CLK2'
Slack : -1.000
TNS   : -9.000

Type  : Fast 1200mV 0C Model Minimum Pulse Width 'clk1'
Slack : -1.000
TNS   : -1.000

------------------------------------------------------------
