------------------------------------------------------------
TimeQuest Timing Analyzer Summary
------------------------------------------------------------

Type  : Slow 1200mV 85C Model Setup 'clk'
Slack : -4.878
TNS   : -112.971

Type  : Slow 1200mV 85C Model Setup 'CLK2'
Slack : -1.980
TNS   : -16.707

Type  : Slow 1200mV 85C Model Setup 'clk1'
Slack : 0.131
TNS   : 0.000

Type  : Slow 1200mV 85C Model Hold 'clk1'
Slack : -0.025
TNS   : -0.025

Type  : Slow 1200mV 85C Model Hold 'clk'
Slack : 0.014
TNS   : 0.000

Type  : Slow 1200mV 85C Model Hold 'CLK2'
Slack : 0.455
TNS   : 0.000

Type  : Slow 1200mV 85C Model Minimum Pulse Width 'clk'
Slack : -3.000
TNS   : -40.175

Type  : Slow 1200mV 85C Model Minimum Pulse Width 'CLK2'
Slack : -1.487
TNS   : -13.383

Type  : Slow 1200mV 85C Model Minimum Pulse Width 'clk1'
Slack : -1.487
TNS   : -1.487

Type  : Slow 1200mV 0C Model Setup 'clk'
Slack : -4.554
TNS   : -105.154

Type  : Slow 1200mV 0C Model Setup 'CLK2'
Slack : -1.731
TNS   : -14.719

Type  : Slow 1200mV 0C Model Setup 'clk1'
Slack : 0.163
TNS   : 0.000

Type  : Slow 1200mV 0C Model Hold 'clk1'
Slack : -0.037
TNS   : -0.037

Type  : Slow 1200mV 0C Model Hold 'clk'
Slack : 0.120
TNS   : 0.000

Type  : Slow 1200mV 0C Model Hold 'CLK2'
Slack : 0.403
TNS   : 0.000

Type  : Slow 1200mV 0C Model Minimum Pulse Width 'clk'
Slack : -3.000
TNS   : -40.175

Type  : Slow 1200mV 0C Model Minimum Pulse Width 'CLK2'
Slack : -1.487
TNS   : -13.383

Type  : Slow 1200mV 0C Model Minimum Pulse Width 'clk1'
Slack : -1.487
TNS   : -1.487

Type  : Fast 1200mV 0C Model Setup 'clk'
Slack : -1.481
TNS   : -33.292

Type  : Fast 1200mV 0C Model Setup 'CLK2'
Slack : -0.233
TNS   : -1.651

Type  : Fast 1200mV 0C Model Setup 'clk1'
Slack : 0.368
TNS   : 0.000

Type  : Fast 1200mV 0C Model Hold 'clk'
Slack : -0.150
TNS   : -0.150

Type  : Fast 1200mV 0C Model Hold 'clk1'
Slack : -0.025
TNS   : -0.025

Type  : Fast 1200mV 0C Model Hold 'CLK2'
Slack : 0.187
TNS   : 0.000

Type  : Fast 1200mV 0C Model Minimum Pulse Width 'clk'
Slack : -3.000
TNS   : -35.492

Type  : Fast 1200mV 0C Model Minimum Pulse Width 'CLK2'
Slack : -1.000
TNS   : -9.000

Type  : Fast 1200mV 0C Model Minimum Pulse Width 'clk1'
Slack : -1.000
TNS   : -1.000

------------------------------------------------------------
